[0.013s] Invoking command in '/home/calebcamargo/proyects/Unitree/lidar_ws/build/unitree_lidar_ros2': CMAKE_PREFIX_PATH=${CMAKE_PREFIX_PATH}:/opt/ros/jazzy DEBUGINFOD_URLS=https://debuginfod.ubuntu.com /usr/bin/cmake /home/calebcamargo/proyects/Unitree/lidar_ws/src/unitree_lidar_ros2 -DAMENT_CMAKE_SYMLINK_INSTALL=1 -DCMAKE_INSTALL_PREFIX=/home/calebcamargo/proyects/Unitree/lidar_ws/install/unitree_lidar_ros2
[0.176s] -- The C compiler identification is GNU 13.3.0
[0.176s] -- The CXX compiler identification is GNU 13.3.0
[0.176s] -- Detecting C compiler ABI info
[0.176s] -- Detecting C compiler ABI info - done
[0.180s] -- Check for working C compiler: /usr/bin/cc - skipped
[0.180s] -- Detecting C compile features
[0.180s] -- Detecting C compile features - done
[0.186s] -- Detecting CXX compiler ABI info
[0.256s] -- Detecting CXX compiler ABI info - done
[0.263s] -- Check for working CXX compiler: /usr/bin/c++ - skipped
[0.263s] -- Detecting CXX compile features
[0.263s] -- Detecting CXX compile features - done
[0.272s] -- Found ament_cmake: 2.5.6 (/opt/ros/jazzy/share/ament_cmake/cmake)
[0.382s] -- Found Python3: /usr/bin/python3 (found version "3.12.3") found components: Interpreter 
[0.448s] -- Override CMake install command with custom implementation using symlinks instead of copying resources
[0.492s] -- Found rclcpp: 28.1.21 (/opt/ros/jazzy/share/rclcpp/cmake)
[0.537s] -- Found rosidl_generator_c: 4.6.9 (/opt/ros/jazzy/share/rosidl_generator_c/cmake)
[0.553s] -- Found rosidl_generator_cpp: 4.6.9 (/opt/ros/jazzy/share/rosidl_generator_cpp/cmake)
[0.574s] -- Using all available rosidl_typesupport_c: rosidl_typesupport_fastrtps_c;rosidl_typesupport_introspection_c
[0.593s] -- Using all available rosidl_typesupport_cpp: rosidl_typesupport_fastrtps_cpp;rosidl_typesupport_introspection_cpp
[0.677s] -- Found rmw_implementation_cmake: 7.3.3 (/opt/ros/jazzy/share/rmw_implementation_cmake/cmake)
[0.680s] -- Found rmw_fastrtps_cpp: 8.4.4 (/opt/ros/jazzy/share/rmw_fastrtps_cpp/cmake)
[0.747s] -- Found OpenSSL: /usr/lib/x86_64-linux-gnu/libcrypto.so (found version "3.0.13")  
[0.763s] -- Found FastRTPS: /opt/ros/jazzy/include (Required is at least version "2.13") 
[0.785s] -- Using RMW implementation 'rmw_fastrtps_cpp' as default
[0.873s] -- Found std_msgs: 5.3.8 (/opt/ros/jazzy/share/std_msgs/cmake)
[0.888s] -- Found geometry_msgs: 5.3.8 (/opt/ros/jazzy/share/geometry_msgs/cmake)
[0.905s] -- Found pcl_conversions: 2.6.4 (/opt/ros/jazzy/share/pcl_conversions/cmake)
[1.017s] CMake Warning (dev) at /usr/lib/x86_64-linux-gnu/cmake/pcl/Modules/FindFLANN.cmake:45 (find_package):
[1.017s]   Policy CMP0144 is not set: find_package uses upper-case <PACKAGENAME>_ROOT
[1.017s]   variables.  Run "cmake --help-policy CMP0144" for policy details.  Use the
[1.017s]   cmake_policy command to set the policy and suppress this warning.
[1.017s] 
[1.017s]   CMake variable FLANN_ROOT is set to:
[1.017s] 
[1.017s]     /usr
[1.017s] 
[1.017s]   For compatibility, find_package is ignoring the variable, but code in a
[1.017s]   .cmake module might still use it.
[1.017s] Call Stack (most recent call first):
[1.017s]   /usr/lib/x86_64-linux-gnu/cmake/pcl/PCLConfig.cmake:261 (find_package)
[1.017s]   /usr/lib/x86_64-linux-gnu/cmake/pcl/PCLConfig.cmake:306 (find_flann)
[1.017s]   /usr/lib/x86_64-linux-gnu/cmake/pcl/PCLConfig.cmake:570 (find_external_library)
[1.017s]   /opt/ros/jazzy/share/pcl_conversions/cmake/ament_cmake_export_dependencies-extras.cmake:21 (find_package)
[1.017s]   /opt/ros/jazzy/share/pcl_conversions/cmake/pcl_conversionsConfig.cmake:41 (include)
[1.017s]   CMakeLists.txt:22 (find_package)
[1.017s] This warning is for project developers.  Use -Wno-dev to suppress it.
[1.017s] 
[1.019s] -- Found flann version 1.9.2
[1.239s] -- Found OpenMP_CXX: -fopenmp (found version "4.5") 
[1.239s] -- Found OpenMP: TRUE (found version "4.5") found components: CXX 
[2.357s] -- Checking for module 'libusb-1.0'
[2.367s] --   Found libusb-1.0, version 1.0.27
[2.397s] -- Found libusb: /usr/lib/x86_64-linux-gnu/libusb-1.0.so  
[2.398s] -- OpenNI found (version: 1.5.4.0, include: /usr/include/ni, lib: /usr/lib/libOpenNI.so;libusb::libusb)
[2.451s] -- OpenNI2 found (version: 2.2.0.33, include: /usr/include/openni2, lib: /usr/lib/x86_64-linux-gnu/libOpenNI2.so;libusb::libusb)
[2.454s] -- Found Pcap: /usr/lib/x86_64-linux-gnu/libpcap.so  
[2.465s] -- Found ZLIB: /usr/lib/x86_64-linux-gnu/libz.so (found version "1.3")  
[2.479s] -- Found PNG: /usr/lib/x86_64-linux-gnu/libpng.so (found version "1.6.43") 
[2.823s] -- OpenNI found (version: 1.5.4.0, include: /usr/include/ni, lib: /usr/lib/libOpenNI.so;libusb::libusb)
[2.828s] -- OpenNI2 found (version: 2.2.0.33, include: /usr/include/openni2, lib: /usr/lib/x86_64-linux-gnu/libOpenNI2.so;libusb::libusb)
[3.168s] -- Found Qhull version 8.0.2
[3.511s] -- OpenNI found (version: 1.5.4.0, include: /usr/include/ni, lib: /usr/lib/libOpenNI.so;libusb::libusb)
[3.852s] -- Found PCL_COMMON: /usr/lib/x86_64-linux-gnu/libpcl_common.so  
[3.853s] -- Found PCL_KDTREE: /usr/lib/x86_64-linux-gnu/libpcl_kdtree.so  
[3.853s] -- Found PCL_OCTREE: /usr/lib/x86_64-linux-gnu/libpcl_octree.so  
[3.854s] -- Found PCL_SEARCH: /usr/lib/x86_64-linux-gnu/libpcl_search.so  
[3.855s] -- Found PCL_SAMPLE_CONSENSUS: /usr/lib/x86_64-linux-gnu/libpcl_sample_consensus.so  
[3.856s] -- Found PCL_FILTERS: /usr/lib/x86_64-linux-gnu/libpcl_filters.so  
[3.857s] -- Found PCL_2D: /usr/include/pcl-1.14  
[3.857s] -- Found PCL_GEOMETRY: /usr/include/pcl-1.14  
[3.858s] -- Found PCL_IO: /usr/lib/x86_64-linux-gnu/libpcl_io.so  
[3.859s] -- Found PCL_FEATURES: /usr/lib/x86_64-linux-gnu/libpcl_features.so  
[3.860s] -- Found PCL_ML: /usr/lib/x86_64-linux-gnu/libpcl_ml.so  
[3.861s] -- Found PCL_SEGMENTATION: /usr/lib/x86_64-linux-gnu/libpcl_segmentation.so  
[3.862s] -- Found PCL_VISUALIZATION: /usr/lib/x86_64-linux-gnu/libpcl_visualization.so  
[3.863s] -- Found PCL_SURFACE: /usr/lib/x86_64-linux-gnu/libpcl_surface.so  
[3.864s] -- Found PCL_REGISTRATION: /usr/lib/x86_64-linux-gnu/libpcl_registration.so  
[3.865s] -- Found PCL_KEYPOINTS: /usr/lib/x86_64-linux-gnu/libpcl_keypoints.so  
[3.866s] -- Found PCL_TRACKING: /usr/lib/x86_64-linux-gnu/libpcl_tracking.so  
[3.867s] -- Found PCL_RECOGNITION: /usr/lib/x86_64-linux-gnu/libpcl_recognition.so  
[3.868s] -- Found PCL_STEREO: /usr/lib/x86_64-linux-gnu/libpcl_stereo.so  
[3.869s] -- Found PCL_APPS: /usr/lib/x86_64-linux-gnu/libpcl_apps.so  
[3.870s] -- Found PCL_IN_HAND_SCANNER: /usr/include/pcl-1.14  
[3.870s] -- Found PCL_MODELER: /usr/include/pcl-1.14  
[3.870s] -- Found PCL_POINT_CLOUD_EDITOR: /usr/include/pcl-1.14  
[3.871s] -- Found PCL_OUTOFCORE: /usr/lib/x86_64-linux-gnu/libpcl_outofcore.so  
[3.872s] -- Found PCL_PEOPLE: /usr/lib/x86_64-linux-gnu/libpcl_people.so  
[3.874s] CMake Warning (dev) at CMakeLists.txt:23 (find_package):
[3.874s]   Policy CMP0074 is not set: find_package uses <PackageName>_ROOT variables.
[3.875s]   Run "cmake --help-policy CMP0074" for policy details.  Use the cmake_policy
[3.875s]   command to set the policy and suppress this warning.
[3.875s] 
[3.875s]   CMake variable PCL_ROOT is set to:
[3.875s] 
[3.875s]     /usr
[3.875s] 
[3.875s]   For compatibility, CMake is ignoring the variable.
[3.875s] This warning is for project developers.  Use -Wno-dev to suppress it.
[3.875s] 
[3.884s] -- Found tf2_ros: 0.36.21 (/opt/ros/jazzy/share/tf2_ros/cmake)
[4.098s] -- Configuring done (4.1s)
[4.141s] -- Generating done (0.0s)
[4.145s] -- Build files have been written to: /home/calebcamargo/proyects/Unitree/lidar_ws/build/unitree_lidar_ros2
[4.162s] Invoked command in '/home/calebcamargo/proyects/Unitree/lidar_ws/build/unitree_lidar_ros2' returned '0': CMAKE_PREFIX_PATH=${CMAKE_PREFIX_PATH}:/opt/ros/jazzy DEBUGINFOD_URLS=https://debuginfod.ubuntu.com /usr/bin/cmake /home/calebcamargo/proyects/Unitree/lidar_ws/src/unitree_lidar_ros2 -DAMENT_CMAKE_SYMLINK_INSTALL=1 -DCMAKE_INSTALL_PREFIX=/home/calebcamargo/proyects/Unitree/lidar_ws/install/unitree_lidar_ros2
[4.163s] Invoking command in '/home/calebcamargo/proyects/Unitree/lidar_ws/build/unitree_lidar_ros2': CMAKE_PREFIX_PATH=${CMAKE_PREFIX_PATH}:/opt/ros/jazzy DEBUGINFOD_URLS=https://debuginfod.ubuntu.com /usr/bin/cmake --build /home/calebcamargo/proyects/Unitree/lidar_ws/build/unitree_lidar_ros2 -- -j12 -l12
[4.200s] [ 50%] Building CXX object CMakeFiles/unitree_lidar_ros2_node.dir/src/unitree_lidar_ros2_node.cpp.o
[13.851s] [100%] Linking CXX executable unitree_lidar_ros2_node
[14.624s] [100%] Built target unitree_lidar_ros2_node
[14.633s] Invoked command in '/home/calebcamargo/proyects/Unitree/lidar_ws/build/unitree_lidar_ros2' returned '0': CMAKE_PREFIX_PATH=${CMAKE_PREFIX_PATH}:/opt/ros/jazzy DEBUGINFOD_URLS=https://debuginfod.ubuntu.com /usr/bin/cmake --build /home/calebcamargo/proyects/Unitree/lidar_ws/build/unitree_lidar_ros2 -- -j12 -l12
[14.640s] Invoking command in '/home/calebcamargo/proyects/Unitree/lidar_ws/build/unitree_lidar_ros2': CMAKE_PREFIX_PATH=${CMAKE_PREFIX_PATH}:/opt/ros/jazzy DEBUGINFOD_URLS=https://debuginfod.ubuntu.com /usr/bin/cmake --install /home/calebcamargo/proyects/Unitree/lidar_ws/build/unitree_lidar_ros2
[14.646s] -- Install configuration: ""
[14.646s] -- Execute custom install script
[14.647s] -- Symlinking: /home/calebcamargo/proyects/Unitree/lidar_ws/install/unitree_lidar_ros2/lib/unitree_lidar_ros2/unitree_lidar_ros2_node
[14.654s] -- Symlinking: /home/calebcamargo/proyects/Unitree/lidar_ws/install/unitree_lidar_ros2/share/unitree_lidar_ros2/view.rviz
[14.660s] -- Symlinking: /home/calebcamargo/proyects/Unitree/lidar_ws/install/unitree_lidar_ros2/share/unitree_lidar_ros2/launch.py
[14.667s] -- Symlinking: /home/calebcamargo/proyects/Unitree/lidar_ws/install/unitree_lidar_ros2/share/ament_index/resource_index/package_run_dependencies/unitree_lidar_ros2
[14.673s] -- Symlinking: /home/calebcamargo/proyects/Unitree/lidar_ws/install/unitree_lidar_ros2/share/ament_index/resource_index/parent_prefix_path/unitree_lidar_ros2
[14.679s] -- Symlinking: /home/calebcamargo/proyects/Unitree/lidar_ws/install/unitree_lidar_ros2/share/unitree_lidar_ros2/environment/ament_prefix_path.sh
[14.685s] -- Symlinking: /home/calebcamargo/proyects/Unitree/lidar_ws/install/unitree_lidar_ros2/share/unitree_lidar_ros2/environment/ament_prefix_path.dsv
[14.691s] -- Symlinking: /home/calebcamargo/proyects/Unitree/lidar_ws/install/unitree_lidar_ros2/share/unitree_lidar_ros2/environment/path.sh
[14.697s] -- Symlinking: /home/calebcamargo/proyects/Unitree/lidar_ws/install/unitree_lidar_ros2/share/unitree_lidar_ros2/environment/path.dsv
[14.703s] -- Symlinking: /home/calebcamargo/proyects/Unitree/lidar_ws/install/unitree_lidar_ros2/share/unitree_lidar_ros2/local_setup.bash
[14.709s] -- Symlinking: /home/calebcamargo/proyects/Unitree/lidar_ws/install/unitree_lidar_ros2/share/unitree_lidar_ros2/local_setup.sh
[14.715s] -- Symlinking: /home/calebcamargo/proyects/Unitree/lidar_ws/install/unitree_lidar_ros2/share/unitree_lidar_ros2/local_setup.zsh
[14.722s] -- Symlinking: /home/calebcamargo/proyects/Unitree/lidar_ws/install/unitree_lidar_ros2/share/unitree_lidar_ros2/local_setup.dsv
[14.729s] -- Symlinking: /home/calebcamargo/proyects/Unitree/lidar_ws/install/unitree_lidar_ros2/share/unitree_lidar_ros2/package.dsv
[14.737s] -- Symlinking: /home/calebcamargo/proyects/Unitree/lidar_ws/install/unitree_lidar_ros2/share/ament_index/resource_index/packages/unitree_lidar_ros2
[14.745s] -- Symlinking: /home/calebcamargo/proyects/Unitree/lidar_ws/install/unitree_lidar_ros2/share/unitree_lidar_ros2/cmake/unitree_lidar_ros2Config.cmake
[14.753s] -- Symlinking: /home/calebcamargo/proyects/Unitree/lidar_ws/install/unitree_lidar_ros2/share/unitree_lidar_ros2/cmake/unitree_lidar_ros2Config-version.cmake
[14.761s] -- Symlinking: /home/calebcamargo/proyects/Unitree/lidar_ws/install/unitree_lidar_ros2/share/unitree_lidar_ros2/package.xml
[14.769s] Invoked command in '/home/calebcamargo/proyects/Unitree/lidar_ws/build/unitree_lidar_ros2' returned '0': CMAKE_PREFIX_PATH=${CMAKE_PREFIX_PATH}:/opt/ros/jazzy DEBUGINFOD_URLS=https://debuginfod.ubuntu.com /usr/bin/cmake --install /home/calebcamargo/proyects/Unitree/lidar_ws/build/unitree_lidar_ros2
