[0.111s] DEBUG:colcon:Command line arguments: ['/usr/bin/colcon', 'build', '--symlink-install']
[0.111s] DEBUG:colcon:Parsed command line arguments: Namespace(log_base=None, log_level=None, verb_name='build', build_base='build', install_base='install', merge_install=False, symlink_install=True, test_result_base=None, continue_on_error=False, executor='parallel', parallel_workers=12, event_handlers=None, ignore_user_meta=False, metas=['./colcon.meta'], base_paths=['.'], packages_ignore=None, packages_ignore_regex=None, paths=None, packages_up_to=None, packages_up_to_regex=None, packages_above=None, packages_above_and_dependencies=None, packages_above_depth=None, packages_select_by_dep=None, packages_skip_by_dep=None, packages_skip_up_to=None, packages_select_build_failed=False, packages_skip_build_finished=False, packages_select_test_failures=False, packages_skip_test_passed=False, packages_select=None, packages_skip=None, packages_select_regex=None, packages_skip_regex=None, packages_start=None, packages_end=None, cmake_args=None, cmake_target=None, cmake_target_skip_unavailable=False, cmake_clean_cache=False, cmake_clean_first=False, cmake_force_configure=False, ament_cmake_args=None, catkin_cmake_args=None, catkin_skip_building_tests=False, verb_parser=<colcon_defaults.argument_parser.defaults.DefaultArgumentsDecorator object at 0x77f9591b6f60>, verb_extension=<colcon_core.verb.build.BuildVerb object at 0x77f9591b6cf0>, main=<bound method BuildVerb.main of <colcon_core.verb.build.BuildVerb object at 0x77f9591b6cf0>>)
[0.165s] Level 1:colcon.colcon_core.package_discovery:discover_packages(colcon_meta) check parameters
[0.165s] Level 1:colcon.colcon_core.package_discovery:discover_packages(recursive) check parameters
[0.165s] Level 1:colcon.colcon_core.package_discovery:discover_packages(ignore) check parameters
[0.165s] Level 1:colcon.colcon_core.package_discovery:discover_packages(path) check parameters
[0.165s] Level 1:colcon.colcon_core.package_discovery:discover_packages(colcon_meta) discover
[0.165s] Level 1:colcon.colcon_core.package_discovery:discover_packages(recursive) discover
[0.165s] INFO:colcon.colcon_core.package_discovery:Crawling recursively for packages in '/home/calebcamargo/proyects/Unitree/lidar_ws'
[0.165s] Level 1:colcon.colcon_core.package_identification:_identify(.) by extensions ['ignore', 'ignore_ament_install']
[0.165s] Level 1:colcon.colcon_core.package_identification:_identify(.) by extension 'ignore'
[0.165s] Level 1:colcon.colcon_core.package_identification:_identify(.) by extension 'ignore_ament_install'
[0.165s] Level 1:colcon.colcon_core.package_identification:_identify(.) by extensions ['colcon_pkg']
[0.165s] Level 1:colcon.colcon_core.package_identification:_identify(.) by extension 'colcon_pkg'
[0.165s] Level 1:colcon.colcon_core.package_identification:_identify(.) by extensions ['colcon_meta']
[0.165s] Level 1:colcon.colcon_core.package_identification:_identify(.) by extension 'colcon_meta'
[0.165s] Level 1:colcon.colcon_core.package_identification:_identify(.) by extensions ['ros']
[0.165s] Level 1:colcon.colcon_core.package_identification:_identify(.) by extension 'ros'
[0.188s] Level 1:colcon.colcon_core.package_identification:_identify(.) by extensions ['cmake', 'python']
[0.188s] Level 1:colcon.colcon_core.package_identification:_identify(.) by extension 'cmake'
[0.188s] Level 1:colcon.colcon_core.package_identification:_identify(.) by extension 'python'
[0.188s] Level 1:colcon.colcon_core.package_identification:_identify(.) by extensions ['python_setup_py']
[0.188s] Level 1:colcon.colcon_core.package_identification:_identify(.) by extension 'python_setup_py'
[0.188s] Level 1:colcon.colcon_core.package_identification:_identify(build) by extensions ['ignore', 'ignore_ament_install']
[0.188s] Level 1:colcon.colcon_core.package_identification:_identify(build) by extension 'ignore'
[0.188s] Level 1:colcon.colcon_core.package_identification:_identify(build) ignored
[0.189s] Level 1:colcon.colcon_core.package_identification:_identify(install) by extensions ['ignore', 'ignore_ament_install']
[0.189s] Level 1:colcon.colcon_core.package_identification:_identify(install) by extension 'ignore'
[0.189s] Level 1:colcon.colcon_core.package_identification:_identify(install) ignored
[0.189s] Level 1:colcon.colcon_core.package_identification:_identify(log) by extensions ['ignore', 'ignore_ament_install']
[0.189s] Level 1:colcon.colcon_core.package_identification:_identify(log) by extension 'ignore'
[0.189s] Level 1:colcon.colcon_core.package_identification:_identify(log) ignored
[0.189s] Level 1:colcon.colcon_core.package_identification:_identify(src) by extensions ['ignore', 'ignore_ament_install']
[0.189s] Level 1:colcon.colcon_core.package_identification:_identify(src) by extension 'ignore'
[0.189s] Level 1:colcon.colcon_core.package_identification:_identify(src) by extension 'ignore_ament_install'
[0.189s] Level 1:colcon.colcon_core.package_identification:_identify(src) by extensions ['colcon_pkg']
[0.189s] Level 1:colcon.colcon_core.package_identification:_identify(src) by extension 'colcon_pkg'
[0.189s] Level 1:colcon.colcon_core.package_identification:_identify(src) by extensions ['colcon_meta']
[0.189s] Level 1:colcon.colcon_core.package_identification:_identify(src) by extension 'colcon_meta'
[0.189s] Level 1:colcon.colcon_core.package_identification:_identify(src) by extensions ['ros']
[0.189s] Level 1:colcon.colcon_core.package_identification:_identify(src) by extension 'ros'
[0.189s] Level 1:colcon.colcon_core.package_identification:_identify(src) by extensions ['cmake', 'python']
[0.189s] Level 1:colcon.colcon_core.package_identification:_identify(src) by extension 'cmake'
[0.189s] Level 1:colcon.colcon_core.package_identification:_identify(src) by extension 'python'
[0.189s] Level 1:colcon.colcon_core.package_identification:_identify(src) by extensions ['python_setup_py']
[0.189s] Level 1:colcon.colcon_core.package_identification:_identify(src) by extension 'python_setup_py'
[0.189s] Level 1:colcon.colcon_core.package_identification:_identify(src/unitree_lidar_ros2) by extensions ['ignore', 'ignore_ament_install']
[0.189s] Level 1:colcon.colcon_core.package_identification:_identify(src/unitree_lidar_ros2) by extension 'ignore'
[0.189s] Level 1:colcon.colcon_core.package_identification:_identify(src/unitree_lidar_ros2) by extension 'ignore_ament_install'
[0.189s] Level 1:colcon.colcon_core.package_identification:_identify(src/unitree_lidar_ros2) by extensions ['colcon_pkg']
[0.189s] Level 1:colcon.colcon_core.package_identification:_identify(src/unitree_lidar_ros2) by extension 'colcon_pkg'
[0.189s] Level 1:colcon.colcon_core.package_identification:_identify(src/unitree_lidar_ros2) by extensions ['colcon_meta']
[0.190s] Level 1:colcon.colcon_core.package_identification:_identify(src/unitree_lidar_ros2) by extension 'colcon_meta'
[0.190s] Level 1:colcon.colcon_core.package_identification:_identify(src/unitree_lidar_ros2) by extensions ['ros']
[0.190s] Level 1:colcon.colcon_core.package_identification:_identify(src/unitree_lidar_ros2) by extension 'ros'
[0.192s] DEBUG:colcon.colcon_core.package_identification:Package 'src/unitree_lidar_ros2' with type 'ros.ament_cmake' and name 'unitree_lidar_ros2'
[0.192s] Level 1:colcon.colcon_core.package_identification:_identify(src/unitree_lidar_test) by extensions ['ignore', 'ignore_ament_install']
[0.192s] Level 1:colcon.colcon_core.package_identification:_identify(src/unitree_lidar_test) by extension 'ignore'
[0.192s] Level 1:colcon.colcon_core.package_identification:_identify(src/unitree_lidar_test) by extension 'ignore_ament_install'
[0.193s] Level 1:colcon.colcon_core.package_identification:_identify(src/unitree_lidar_test) by extensions ['colcon_pkg']
[0.193s] Level 1:colcon.colcon_core.package_identification:_identify(src/unitree_lidar_test) by extension 'colcon_pkg'
[0.193s] Level 1:colcon.colcon_core.package_identification:_identify(src/unitree_lidar_test) by extensions ['colcon_meta']
[0.193s] Level 1:colcon.colcon_core.package_identification:_identify(src/unitree_lidar_test) by extension 'colcon_meta'
[0.193s] Level 1:colcon.colcon_core.package_identification:_identify(src/unitree_lidar_test) by extensions ['ros']
[0.193s] Level 1:colcon.colcon_core.package_identification:_identify(src/unitree_lidar_test) by extension 'ros'
[0.193s] DEBUG:colcon.colcon_core.package_identification:Package 'src/unitree_lidar_test' with type 'ros.ament_python' and name 'unitree_lidar_test'
[0.193s] Level 1:colcon.colcon_core.package_discovery:discover_packages(recursive) using defaults
[0.193s] Level 1:colcon.colcon_core.package_discovery:discover_packages(ignore) discover
[0.193s] Level 1:colcon.colcon_core.package_discovery:discover_packages(ignore) using defaults
[0.193s] Level 1:colcon.colcon_core.package_discovery:discover_packages(path) discover
[0.193s] Level 1:colcon.colcon_core.package_discovery:discover_packages(path) using defaults
[0.211s] Level 5:colcon.colcon_core.verb:set package 'unitree_lidar_ros2' build argument 'cmake_args' from command line to 'None'
[0.211s] Level 5:colcon.colcon_core.verb:set package 'unitree_lidar_ros2' build argument 'cmake_target' from command line to 'None'
[0.211s] Level 5:colcon.colcon_core.verb:set package 'unitree_lidar_ros2' build argument 'cmake_target_skip_unavailable' from command line to 'False'
[0.211s] Level 5:colcon.colcon_core.verb:set package 'unitree_lidar_ros2' build argument 'cmake_clean_cache' from command line to 'False'
[0.211s] Level 5:colcon.colcon_core.verb:set package 'unitree_lidar_ros2' build argument 'cmake_clean_first' from command line to 'False'
[0.211s] Level 5:colcon.colcon_core.verb:set package 'unitree_lidar_ros2' build argument 'cmake_force_configure' from command line to 'False'
[0.211s] Level 5:colcon.colcon_core.verb:set package 'unitree_lidar_ros2' build argument 'ament_cmake_args' from command line to 'None'
[0.212s] Level 5:colcon.colcon_core.verb:set package 'unitree_lidar_ros2' build argument 'catkin_cmake_args' from command line to 'None'
[0.212s] Level 5:colcon.colcon_core.verb:set package 'unitree_lidar_ros2' build argument 'catkin_skip_building_tests' from command line to 'False'
[0.212s] DEBUG:colcon.colcon_core.verb:Building package 'unitree_lidar_ros2' with the following arguments: {'ament_cmake_args': None, 'build_base': '/home/calebcamargo/proyects/Unitree/lidar_ws/build/unitree_lidar_ros2', 'catkin_cmake_args': None, 'catkin_skip_building_tests': False, 'cmake_args': None, 'cmake_clean_cache': False, 'cmake_clean_first': False, 'cmake_force_configure': False, 'cmake_target': None, 'cmake_target_skip_unavailable': False, 'install_base': '/home/calebcamargo/proyects/Unitree/lidar_ws/install/unitree_lidar_ros2', 'merge_install': False, 'path': '/home/calebcamargo/proyects/Unitree/lidar_ws/src/unitree_lidar_ros2', 'symlink_install': True, 'test_result_base': None}
[0.212s] Level 5:colcon.colcon_core.verb:set package 'unitree_lidar_test' build argument 'cmake_args' from command line to 'None'
[0.212s] Level 5:colcon.colcon_core.verb:set package 'unitree_lidar_test' build argument 'cmake_target' from command line to 'None'
[0.212s] Level 5:colcon.colcon_core.verb:set package 'unitree_lidar_test' build argument 'cmake_target_skip_unavailable' from command line to 'False'
[0.212s] Level 5:colcon.colcon_core.verb:set package 'unitree_lidar_test' build argument 'cmake_clean_cache' from command line to 'False'
[0.212s] Level 5:colcon.colcon_core.verb:set package 'unitree_lidar_test' build argument 'cmake_clean_first' from command line to 'False'
[0.212s] Level 5:colcon.colcon_core.verb:set package 'unitree_lidar_test' build argument 'cmake_force_configure' from command line to 'False'
[0.212s] Level 5:colcon.colcon_core.verb:set package 'unitree_lidar_test' build argument 'ament_cmake_args' from command line to 'None'
[0.212s] Level 5:colcon.colcon_core.verb:set package 'unitree_lidar_test' build argument 'catkin_cmake_args' from command line to 'None'
[0.212s] Level 5:colcon.colcon_core.verb:set package 'unitree_lidar_test' build argument 'catkin_skip_building_tests' from command line to 'False'
[0.212s] DEBUG:colcon.colcon_core.verb:Building package 'unitree_lidar_test' with the following arguments: {'ament_cmake_args': None, 'build_base': '/home/calebcamargo/proyects/Unitree/lidar_ws/build/unitree_lidar_test', 'catkin_cmake_args': None, 'catkin_skip_building_tests': False, 'cmake_args': None, 'cmake_clean_cache': False, 'cmake_clean_first': False, 'cmake_force_configure': False, 'cmake_target': None, 'cmake_target_skip_unavailable': False, 'install_base': '/home/calebcamargo/proyects/Unitree/lidar_ws/install/unitree_lidar_test', 'merge_install': False, 'path': '/home/calebcamargo/proyects/Unitree/lidar_ws/src/unitree_lidar_test', 'symlink_install': True, 'test_result_base': None}
[0.212s] INFO:colcon.colcon_core.executor:Executing jobs using 'parallel' executor
[0.213s] DEBUG:colcon.colcon_parallel_executor.executor.parallel:run_until_complete
[0.213s] INFO:colcon.colcon_ros.task.ament_cmake.build:Building ROS package in '/home/calebcamargo/proyects/Unitree/lidar_ws/src/unitree_lidar_ros2' with build type 'ament_cmake'
[0.213s] INFO:colcon.colcon_cmake.task.cmake.build:Building CMake package in '/home/calebcamargo/proyects/Unitree/lidar_ws/src/unitree_lidar_ros2'
[0.216s] INFO:colcon.colcon_core.plugin_system:Skipping extension 'colcon_core.shell.bat': Not used on non-Windows systems
[0.217s] DEBUG:colcon.colcon_core.shell:Skip shell extension 'dsv' for command environment
[0.222s] INFO:colcon.colcon_ros.task.ament_python.build:Building ROS package in '/home/calebcamargo/proyects/Unitree/lidar_ws/src/unitree_lidar_test' with build type 'ament_python'
[0.222s] Level 1:colcon.colcon_core.shell:create_environment_hook('unitree_lidar_test', 'ament_prefix_path')
[0.222s] INFO:colcon.colcon_core.shell:Creating environment descriptor '/home/calebcamargo/proyects/Unitree/lidar_ws/install/unitree_lidar_test/share/unitree_lidar_test/hook/ament_prefix_path.dsv'
[0.222s] INFO:colcon.colcon_core.shell:Creating environment hook '/home/calebcamargo/proyects/Unitree/lidar_ws/install/unitree_lidar_test/share/unitree_lidar_test/hook/ament_prefix_path.sh'
[0.223s] DEBUG:colcon.colcon_core.shell:Skip shell extension 'dsv' for command environment
[0.226s] DEBUG:colcon.colcon_core.event_handler.log_command:Invoking command in '/home/calebcamargo/proyects/Unitree/lidar_ws/build/unitree_lidar_ros2': CMAKE_PREFIX_PATH=${CMAKE_PREFIX_PATH}:/opt/ros/jazzy DEBUGINFOD_URLS=https://debuginfod.ubuntu.com /usr/bin/cmake /home/calebcamargo/proyects/Unitree/lidar_ws/src/unitree_lidar_ros2 -DAMENT_CMAKE_SYMLINK_INSTALL=1 -DCMAKE_INSTALL_PREFIX=/home/calebcamargo/proyects/Unitree/lidar_ws/install/unitree_lidar_ros2
[0.386s] INFO:colcon.colcon_core.task.python.build:Building Python package in '/home/calebcamargo/proyects/Unitree/lidar_ws/src/unitree_lidar_test'
[0.386s] DEBUG:colcon.colcon_core.shell:Skip shell extension 'dsv' for command environment
[1.032s] DEBUG:colcon.colcon_core.task.python.build:Available setuptools commands: upload_docs, test, bdist_egg, develop, install, check, editable_wheel, bdist_rpm, rotate, register, install_data, install_scripts, install_egg_info, build_clib, egg_info, alias, saveopts, build_ext, clean, setopt, init_catalog, build_scripts, bdist_wheel, build, update_catalog, install_headers, bdist_dumb, dist_info, build_py, install_lib, extract_messages, sdist, easy_install, upload, symlink_data, bdist, compile_catalog
[1.286s] DEBUG:colcon.colcon_core.task.python.build:Available setuptools 'develop' options: --allow-hosts, --always-copy, --local-snapshots-ok, --uninstall, --verbose, --force-installation-into-system-dir, --install-layout, --build-directory, --multi-version, --script-dir, --editable, --upgrade, --no-deps, --prefix, --zip-ok, --install-dir, --exclude-scripts, --egg-path, --user, --always-unzip, --no-find-links, --no-user-cfg, --find-links, --version, --dry-run, --help, --optimize, --quiet, --site-dirs, --record, --index-url
[1.288s] DEBUG:colcon.colcon_core.event_handler.log_command:Invoking command in '/home/calebcamargo/proyects/Unitree/lidar_ws/build/unitree_lidar_test': DEBUGINFOD_URLS=https://debuginfod.ubuntu.com PYTHONPATH=/home/calebcamargo/proyects/Unitree/lidar_ws/build/unitree_lidar_test/prefix_override:/usr/lib/python3/dist-packages/colcon_core/task/python/colcon_distutils_commands:/home/calebcamargo/proyects/Unitree/lidar_ws/install/unitree_lidar_test/lib/python3.12/site-packages:${PYTHONPATH} /usr/bin/python3 -W ignore:setup.py install is deprecated -W ignore:easy_install command is deprecated setup.py develop --editable --build-directory /home/calebcamargo/proyects/Unitree/lidar_ws/build/unitree_lidar_test/build --no-deps symlink_data
[1.760s] Level 1:colcon.colcon_core.shell:create_environment_hook('unitree_lidar_test', 'pythonpath_develop')
[1.761s] INFO:colcon.colcon_core.shell:Creating environment descriptor '/home/calebcamargo/proyects/Unitree/lidar_ws/build/unitree_lidar_test/share/unitree_lidar_test/hook/pythonpath_develop.dsv'
[1.761s] DEBUG:colcon.colcon_core.event_handler.log_command:Invoked command in '/home/calebcamargo/proyects/Unitree/lidar_ws/build/unitree_lidar_test' returned '0': DEBUGINFOD_URLS=https://debuginfod.ubuntu.com PYTHONPATH=/home/calebcamargo/proyects/Unitree/lidar_ws/build/unitree_lidar_test/prefix_override:/usr/lib/python3/dist-packages/colcon_core/task/python/colcon_distutils_commands:/home/calebcamargo/proyects/Unitree/lidar_ws/install/unitree_lidar_test/lib/python3.12/site-packages:${PYTHONPATH} /usr/bin/python3 -W ignore:setup.py install is deprecated -W ignore:easy_install command is deprecated setup.py develop --editable --build-directory /home/calebcamargo/proyects/Unitree/lidar_ws/build/unitree_lidar_test/build --no-deps symlink_data
[1.761s] INFO:colcon.colcon_core.shell:Creating environment hook '/home/calebcamargo/proyects/Unitree/lidar_ws/build/unitree_lidar_test/share/unitree_lidar_test/hook/pythonpath_develop.sh'
[1.764s] Level 1:colcon.colcon_core.environment:checking '/home/calebcamargo/proyects/Unitree/lidar_ws/install/unitree_lidar_test' for CMake module files
[1.764s] Level 1:colcon.colcon_core.environment:checking '/home/calebcamargo/proyects/Unitree/lidar_ws/install/unitree_lidar_test' for CMake config files
[1.764s] Level 1:colcon.colcon_core.environment:checking '/home/calebcamargo/proyects/Unitree/lidar_ws/install/unitree_lidar_test/lib'
[1.764s] Level 1:colcon.colcon_core.environment:checking '/home/calebcamargo/proyects/Unitree/lidar_ws/install/unitree_lidar_test/bin'
[1.764s] Level 1:colcon.colcon_core.environment:checking '/home/calebcamargo/proyects/Unitree/lidar_ws/install/unitree_lidar_test/lib/pkgconfig/unitree_lidar_test.pc'
[1.765s] Level 1:colcon.colcon_core.environment:checking '/home/calebcamargo/proyects/Unitree/lidar_ws/install/unitree_lidar_test/lib/python3.12/site-packages'
[1.765s] Level 1:colcon.colcon_core.shell:create_environment_hook('unitree_lidar_test', 'pythonpath')
[1.765s] INFO:colcon.colcon_core.shell:Creating environment descriptor '/home/calebcamargo/proyects/Unitree/lidar_ws/install/unitree_lidar_test/share/unitree_lidar_test/hook/pythonpath.dsv'
[1.765s] INFO:colcon.colcon_core.shell:Creating environment hook '/home/calebcamargo/proyects/Unitree/lidar_ws/install/unitree_lidar_test/share/unitree_lidar_test/hook/pythonpath.sh'
[1.765s] Level 1:colcon.colcon_core.environment:checking '/home/calebcamargo/proyects/Unitree/lidar_ws/install/unitree_lidar_test/bin'
[1.766s] Level 1:colcon.colcon_core.environment:create_environment_scripts_only(unitree_lidar_test)
[1.766s] INFO:colcon.colcon_core.shell:Creating package descriptor '/home/calebcamargo/proyects/Unitree/lidar_ws/install/unitree_lidar_test/share/unitree_lidar_test/package.dsv'
[1.766s] INFO:colcon.colcon_core.shell:Creating package script '/home/calebcamargo/proyects/Unitree/lidar_ws/install/unitree_lidar_test/share/unitree_lidar_test/package.sh'
[1.766s] INFO:colcon.colcon_core.shell:Creating package script '/home/calebcamargo/proyects/Unitree/lidar_ws/install/unitree_lidar_test/share/unitree_lidar_test/package.bash'
[1.767s] INFO:colcon.colcon_core.shell:Creating package script '/home/calebcamargo/proyects/Unitree/lidar_ws/install/unitree_lidar_test/share/unitree_lidar_test/package.zsh'
[1.767s] Level 1:colcon.colcon_core.environment:create_file_with_runtime_dependencies(/home/calebcamargo/proyects/Unitree/lidar_ws/install/unitree_lidar_test/share/colcon-core/packages/unitree_lidar_test)
[4.375s] DEBUG:colcon.colcon_core.event_handler.log_command:Invoked command in '/home/calebcamargo/proyects/Unitree/lidar_ws/build/unitree_lidar_ros2' returned '0': CMAKE_PREFIX_PATH=${CMAKE_PREFIX_PATH}:/opt/ros/jazzy DEBUGINFOD_URLS=https://debuginfod.ubuntu.com /usr/bin/cmake /home/calebcamargo/proyects/Unitree/lidar_ws/src/unitree_lidar_ros2 -DAMENT_CMAKE_SYMLINK_INSTALL=1 -DCMAKE_INSTALL_PREFIX=/home/calebcamargo/proyects/Unitree/lidar_ws/install/unitree_lidar_ros2
[4.376s] DEBUG:colcon.colcon_core.event_handler.log_command:Invoking command in '/home/calebcamargo/proyects/Unitree/lidar_ws/build/unitree_lidar_ros2': CMAKE_PREFIX_PATH=${CMAKE_PREFIX_PATH}:/opt/ros/jazzy DEBUGINFOD_URLS=https://debuginfod.ubuntu.com /usr/bin/cmake --build /home/calebcamargo/proyects/Unitree/lidar_ws/build/unitree_lidar_ros2 -- -j12 -l12
[14.846s] DEBUG:colcon.colcon_core.event_handler.log_command:Invoked command in '/home/calebcamargo/proyects/Unitree/lidar_ws/build/unitree_lidar_ros2' returned '0': CMAKE_PREFIX_PATH=${CMAKE_PREFIX_PATH}:/opt/ros/jazzy DEBUGINFOD_URLS=https://debuginfod.ubuntu.com /usr/bin/cmake --build /home/calebcamargo/proyects/Unitree/lidar_ws/build/unitree_lidar_ros2 -- -j12 -l12
[14.854s] DEBUG:colcon.colcon_core.event_handler.log_command:Invoking command in '/home/calebcamargo/proyects/Unitree/lidar_ws/build/unitree_lidar_ros2': CMAKE_PREFIX_PATH=${CMAKE_PREFIX_PATH}:/opt/ros/jazzy DEBUGINFOD_URLS=https://debuginfod.ubuntu.com /usr/bin/cmake --install /home/calebcamargo/proyects/Unitree/lidar_ws/build/unitree_lidar_ros2
[14.981s] Level 1:colcon.colcon_core.environment:create_environment_scripts_only(unitree_lidar_ros2)
[14.982s] Level 1:colcon.colcon_core.environment:checking '/home/calebcamargo/proyects/Unitree/lidar_ws/install/unitree_lidar_ros2' for CMake module files
[14.982s] DEBUG:colcon.colcon_core.event_handler.log_command:Invoked command in '/home/calebcamargo/proyects/Unitree/lidar_ws/build/unitree_lidar_ros2' returned '0': CMAKE_PREFIX_PATH=${CMAKE_PREFIX_PATH}:/opt/ros/jazzy DEBUGINFOD_URLS=https://debuginfod.ubuntu.com /usr/bin/cmake --install /home/calebcamargo/proyects/Unitree/lidar_ws/build/unitree_lidar_ros2
[14.982s] Level 1:colcon.colcon_core.environment:checking '/home/calebcamargo/proyects/Unitree/lidar_ws/install/unitree_lidar_ros2' for CMake config files
[14.983s] Level 1:colcon.colcon_core.shell:create_environment_hook('unitree_lidar_ros2', 'cmake_prefix_path')
[14.983s] INFO:colcon.colcon_core.shell:Creating environment descriptor '/home/calebcamargo/proyects/Unitree/lidar_ws/install/unitree_lidar_ros2/share/unitree_lidar_ros2/hook/cmake_prefix_path.dsv'
[14.983s] INFO:colcon.colcon_core.shell:Creating environment hook '/home/calebcamargo/proyects/Unitree/lidar_ws/install/unitree_lidar_ros2/share/unitree_lidar_ros2/hook/cmake_prefix_path.sh'
[14.983s] Level 1:colcon.colcon_core.environment:checking '/home/calebcamargo/proyects/Unitree/lidar_ws/install/unitree_lidar_ros2/lib'
[14.984s] Level 1:colcon.colcon_core.environment:checking '/home/calebcamargo/proyects/Unitree/lidar_ws/install/unitree_lidar_ros2/bin'
[14.984s] Level 1:colcon.colcon_core.environment:checking '/home/calebcamargo/proyects/Unitree/lidar_ws/install/unitree_lidar_ros2/lib/pkgconfig/unitree_lidar_ros2.pc'
[14.984s] Level 1:colcon.colcon_core.environment:checking '/home/calebcamargo/proyects/Unitree/lidar_ws/install/unitree_lidar_ros2/lib/python3.12/site-packages'
[14.984s] Level 1:colcon.colcon_core.environment:checking '/home/calebcamargo/proyects/Unitree/lidar_ws/install/unitree_lidar_ros2/bin'
[14.984s] INFO:colcon.colcon_core.shell:Creating package descriptor '/home/calebcamargo/proyects/Unitree/lidar_ws/install/unitree_lidar_ros2/share/unitree_lidar_ros2/package.dsv'
[14.985s] INFO:colcon.colcon_core.shell:Creating package script '/home/calebcamargo/proyects/Unitree/lidar_ws/install/unitree_lidar_ros2/share/unitree_lidar_ros2/package.sh'
[14.985s] INFO:colcon.colcon_core.shell:Creating package script '/home/calebcamargo/proyects/Unitree/lidar_ws/install/unitree_lidar_ros2/share/unitree_lidar_ros2/package.bash'
[14.985s] INFO:colcon.colcon_core.shell:Creating package script '/home/calebcamargo/proyects/Unitree/lidar_ws/install/unitree_lidar_ros2/share/unitree_lidar_ros2/package.zsh'
[14.986s] Level 1:colcon.colcon_core.environment:create_file_with_runtime_dependencies(/home/calebcamargo/proyects/Unitree/lidar_ws/install/unitree_lidar_ros2/share/colcon-core/packages/unitree_lidar_ros2)
[14.986s] Level 1:colcon.colcon_core.environment:create_environment_scripts_only(unitree_lidar_ros2)
[14.986s] Level 1:colcon.colcon_core.environment:checking '/home/calebcamargo/proyects/Unitree/lidar_ws/install/unitree_lidar_ros2' for CMake module files
[14.986s] Level 1:colcon.colcon_core.environment:checking '/home/calebcamargo/proyects/Unitree/lidar_ws/install/unitree_lidar_ros2' for CMake config files
[14.987s] Level 1:colcon.colcon_core.shell:create_environment_hook('unitree_lidar_ros2', 'cmake_prefix_path')
[14.987s] INFO:colcon.colcon_core.shell:Creating environment descriptor '/home/calebcamargo/proyects/Unitree/lidar_ws/install/unitree_lidar_ros2/share/unitree_lidar_ros2/hook/cmake_prefix_path.dsv'
[14.987s] INFO:colcon.colcon_core.shell:Creating environment hook '/home/calebcamargo/proyects/Unitree/lidar_ws/install/unitree_lidar_ros2/share/unitree_lidar_ros2/hook/cmake_prefix_path.sh'
[14.987s] Level 1:colcon.colcon_core.environment:checking '/home/calebcamargo/proyects/Unitree/lidar_ws/install/unitree_lidar_ros2/lib'
[14.987s] Level 1:colcon.colcon_core.environment:checking '/home/calebcamargo/proyects/Unitree/lidar_ws/install/unitree_lidar_ros2/bin'
[14.987s] Level 1:colcon.colcon_core.environment:checking '/home/calebcamargo/proyects/Unitree/lidar_ws/install/unitree_lidar_ros2/lib/pkgconfig/unitree_lidar_ros2.pc'
[14.988s] Level 1:colcon.colcon_core.environment:checking '/home/calebcamargo/proyects/Unitree/lidar_ws/install/unitree_lidar_ros2/lib/python3.12/site-packages'
[14.988s] Level 1:colcon.colcon_core.environment:checking '/home/calebcamargo/proyects/Unitree/lidar_ws/install/unitree_lidar_ros2/bin'
[14.988s] INFO:colcon.colcon_core.shell:Creating package descriptor '/home/calebcamargo/proyects/Unitree/lidar_ws/install/unitree_lidar_ros2/share/unitree_lidar_ros2/package.dsv'
[14.988s] INFO:colcon.colcon_core.shell:Creating package script '/home/calebcamargo/proyects/Unitree/lidar_ws/install/unitree_lidar_ros2/share/unitree_lidar_ros2/package.sh'
[14.989s] INFO:colcon.colcon_core.shell:Creating package script '/home/calebcamargo/proyects/Unitree/lidar_ws/install/unitree_lidar_ros2/share/unitree_lidar_ros2/package.bash'
[14.989s] INFO:colcon.colcon_core.shell:Creating package script '/home/calebcamargo/proyects/Unitree/lidar_ws/install/unitree_lidar_ros2/share/unitree_lidar_ros2/package.zsh'
[14.989s] Level 1:colcon.colcon_core.environment:create_file_with_runtime_dependencies(/home/calebcamargo/proyects/Unitree/lidar_ws/install/unitree_lidar_ros2/share/colcon-core/packages/unitree_lidar_ros2)
[14.989s] DEBUG:colcon.colcon_parallel_executor.executor.parallel:closing loop
[14.990s] DEBUG:colcon.colcon_parallel_executor.executor.parallel:loop closed
[14.990s] DEBUG:colcon.colcon_parallel_executor.executor.parallel:run_until_complete finished with '0'
[14.990s] DEBUG:colcon.colcon_core.event_reactor:joining thread
[14.997s] INFO:colcon.colcon_core.plugin_system:Skipping extension 'colcon_notification.desktop_notification.terminal_notifier': Not used on non-Darwin systems
[14.997s] INFO:colcon.colcon_core.plugin_system:Skipping extension 'colcon_notification.desktop_notification.win32': Not used on non-Windows systems
[14.997s] INFO:colcon.colcon_notification.desktop_notification:Sending desktop notification using 'notify2'
[15.014s] DEBUG:colcon.colcon_core.event_reactor:joined thread
[15.014s] INFO:colcon.colcon_core.shell:Creating prefix script '/home/calebcamargo/proyects/Unitree/lidar_ws/install/local_setup.sh'
[15.015s] INFO:colcon.colcon_core.shell:Creating prefix util module '/home/calebcamargo/proyects/Unitree/lidar_ws/install/_local_setup_util_sh.py'
[15.016s] INFO:colcon.colcon_core.shell:Creating prefix chain script '/home/calebcamargo/proyects/Unitree/lidar_ws/install/setup.sh'
[15.017s] INFO:colcon.colcon_core.shell:Creating prefix script '/home/calebcamargo/proyects/Unitree/lidar_ws/install/local_setup.bash'
[15.017s] INFO:colcon.colcon_core.shell:Creating prefix chain script '/home/calebcamargo/proyects/Unitree/lidar_ws/install/setup.bash'
[15.018s] INFO:colcon.colcon_core.shell:Creating prefix script '/home/calebcamargo/proyects/Unitree/lidar_ws/install/local_setup.zsh'
[15.018s] INFO:colcon.colcon_core.shell:Creating prefix chain script '/home/calebcamargo/proyects/Unitree/lidar_ws/install/setup.zsh'
